K=1.6
scenario             n_comp    caught     wrong
  ..position_teleport seed=7 caught=1/1 wrong=0 excl={1: 84}
  ..position_teleport seed=11 caught=1/1 wrong=0 excl={9: 84}
  ..position_teleport seed=13 caught=1/1 wrong=0 excl={10: 84}
  ..position_teleport seed=17 caught=1/1 wrong=0 excl={1: 84}
  ..position_teleport seed=23 caught=1/1 wrong=0 excl={1: 84}
position_teleport         1   5/5         0
  ..slow_drift seed=7 caught=1/1 wrong=0 excl={1: 180}
  ..slow_drift seed=11 caught=1/1 wrong=0 excl={9: 500}
  ..slow_drift seed=13 caught=1/1 wrong=0 excl={10: 232}
  ..slow_drift seed=17 caught=1/1 wrong=0 excl={1: 180}
  ..slow_drift seed=23 caught=1/1 wrong=0 excl={1: 180}
slow_drift                1   5/5         0
  ..false_target seed=7 caught=1/1 wrong=0 excl={1: 128}
  ..false_target seed=11 caught=1/1 wrong=0 excl={9: 428}
  ..false_target seed=13 caught=1/1 wrong=0 excl={10: 216}
  ..false_target seed=17 caught=1/1 wrong=0 excl={1: 112}
  ..false_target seed=23 caught=1/1 wrong=0 excl={1: 272}
false_target              1   5/5         0
  ..formation_sabotage seed=7 caught=1/1 wrong=0 excl={1: 84}
  ..formation_sabotage seed=11 caught=1/1 wrong=0 excl={9: 84}
  ..formation_sabotage seed=13 caught=1/1 wrong=0 excl={10: 88}
  ..formation_sabotage seed=17 caught=1/1 wrong=0 excl={1: 84}
  ..formation_sabotage seed=23 caught=1/1 wrong=0 excl={1: 84}
formation_sabotage        1   5/5         0
  ..byzantine_accuser seed=7 caught=0/1 wrong=0 excl={}
  ..byzantine_accuser seed=11 caught=0/1 wrong=0 excl={}
  ..byzantine_accuser seed=13 caught=0/1 wrong=0 excl={}
  ..byzantine_accuser seed=17 caught=0/1 wrong=0 excl={}
  ..byzantine_accuser seed=23 caught=0/1 wrong=0 excl={}
byzantine_accuser         1   0/5         0
  ..collusion seed=7 caught=2/2 wrong=0 excl={1: 188, 9: 508}
  ..collusion seed=11 caught=2/2 wrong=0 excl={8: 216, 11: 248}
  ..collusion seed=13 caught=2/2 wrong=0 excl={10: 236, 9: 512}
  ..collusion seed=17 caught=2/2 wrong=0 excl={1: 184, 8: 216}
  ..collusion seed=23 caught=2/2 wrong=0 excl={1: 188, 8: 216}
collusion                 2  10/10        0
DONE
