K=1.6
scenario             n_comp    caught     wrong
  ..position_teleport seed=7 caught=1/1 wrong=0 excl={1: 84}
  ..position_teleport seed=17 caught=1/1 wrong=0 excl={1: 84}
position_teleport         1   2/2         0
  ..slow_drift seed=7 caught=1/1 wrong=0 excl={1: 180}
  ..slow_drift seed=17 caught=1/1 wrong=0 excl={1: 180}
slow_drift                1   2/2         0
  ..false_target seed=7 caught=1/1 wrong=0 excl={1: 128}
  ..false_target seed=17 caught=1/1 wrong=0 excl={1: 112}
false_target              1   2/2         0
  ..formation_sabotage seed=7 caught=1/1 wrong=0 excl={1: 84}
  ..formation_sabotage seed=17 caught=1/1 wrong=0 excl={1: 84}
formation_sabotage        1   2/2         0
  ..byzantine_accuser seed=7 caught=0/1 wrong=0 excl={}
  ..byzantine_accuser seed=17 caught=0/1 wrong=0 excl={}
byzantine_accuser         1   0/2         0
  ..collusion seed=7 caught=1/2 wrong=0 excl={1: 188}
  ..collusion seed=17 caught=2/2 wrong=0 excl={1: 184, 8: 216}
collusion                 2   3/4         0
DONE
