scenario             n_comp    caught     wrong
  ..position_teleport seed=7 caught=0/1 wrong=1
  ..position_teleport seed=11 caught=1/1 wrong=0
  ..position_teleport seed=13 caught=0/1 wrong=1
  ..position_teleport seed=17 caught=1/1 wrong=0
  ..position_teleport seed=23 caught=1/1 wrong=1
position_teleport         1   3/5         3
  ..slow_drift seed=7 caught=0/1 wrong=1
  ..slow_drift seed=11 caught=1/1 wrong=0
  ..slow_drift seed=13 caught=0/1 wrong=1
  ..slow_drift seed=17 caught=1/1 wrong=0
  ..slow_drift seed=23 caught=1/1 wrong=1
slow_drift                1   3/5         3
  ..false_target seed=7 caught=1/1 wrong=1
  ..false_target seed=11 caught=1/1 wrong=3
  ..false_target seed=13 caught=1/1 wrong=1
  ..false_target seed=17 caught=1/1 wrong=0
  ..false_target seed=23 caught=1/1 wrong=1
false_target              1   5/5         6
  ..formation_sabotage seed=7 caught=1/1 wrong=1
  ..formation_sabotage seed=11 caught=0/1 wrong=0
  ..formation_sabotage seed=13 caught=1/1 wrong=1
  ..formation_sabotage seed=17 caught=1/1 wrong=0
  ..formation_sabotage seed=23 caught=1/1 wrong=1
formation_sabotage        1   4/5         3
  ..byzantine_accuser seed=7 caught=0/1 wrong=1
  ..byzantine_accuser seed=11 caught=0/1 wrong=0
  ..byzantine_accuser seed=13 caught=0/1 wrong=1
  ..byzantine_accuser seed=17 caught=0/1 wrong=0
  ..byzantine_accuser seed=23 caught=0/1 wrong=1
byzantine_accuser         1   0/5         3
  ..collusion seed=7 caught=1/2 wrong=1
  ..collusion seed=11 caught=2/2 wrong=0
  ..collusion seed=13 caught=2/2 wrong=1
  ..collusion seed=17 caught=2/2 wrong=0
  ..collusion seed=23 caught=2/2 wrong=0
collusion                 2   9/10        2
DONE
