K=0.55
scenario             n_comp    caught     wrong
  ..position_teleport seed=7 caught=0/1 wrong=1 excl={11: 36}
  ..position_teleport seed=11 caught=1/1 wrong=0 excl={9: 528}
  ..position_teleport seed=13 caught=0/1 wrong=1 excl={11: 36}
  ..position_teleport seed=17 caught=1/1 wrong=0 excl={1: 608}
  ..position_teleport seed=23 caught=1/1 wrong=1 excl={11: 36, 1: 100}
position_teleport         1   3/5         3
  ..slow_drift seed=7 caught=0/1 wrong=1 excl={11: 36}
  ..slow_drift seed=11 caught=1/1 wrong=0 excl={9: 528}
  ..slow_drift seed=13 caught=0/1 wrong=1 excl={11: 36}
  ..slow_drift seed=17 caught=1/1 wrong=0 excl={1: 608}
  ..slow_drift seed=23 caught=1/1 wrong=1 excl={11: 36, 1: 644}
slow_drift                1   3/5         3
  ..false_target seed=7 caught=1/1 wrong=1 excl={11: 36, 1: 900}
  ..false_target seed=11 caught=1/1 wrong=1 excl={9: 460, 11: 524}
  ..false_target seed=13 caught=0/1 wrong=1 excl={11: 36}
  ..false_target seed=17 caught=1/1 wrong=0 excl={1: 596}
  ..false_target seed=23 caught=1/1 wrong=1 excl={11: 36, 1: 584}
false_target              1   4/5         4
  ..formation_sabotage seed=7 caught=1/1 wrong=1 excl={11: 36, 1: 608}
  ..formation_sabotage seed=11 caught=0/1 wrong=0 excl={}
  ..formation_sabotage seed=13 caught=0/1 wrong=1 excl={11: 36}
  ..formation_sabotage seed=17 caught=1/1 wrong=0 excl={1: 612}
  ..formation_sabotage seed=23 caught=1/1 wrong=1 excl={11: 36, 1: 100}
formation_sabotage        1   3/5         3
  ..byzantine_accuser seed=7 caught=0/1 wrong=1 excl={11: 36}
  ..byzantine_accuser seed=11 caught=0/1 wrong=0 excl={}
  ..byzantine_accuser seed=13 caught=0/1 wrong=1 excl={11: 36}
  ..byzantine_accuser seed=17 caught=0/1 wrong=0 excl={}
  ..byzantine_accuser seed=23 caught=0/1 wrong=1 excl={11: 36}
byzantine_accuser         1   0/5         3
  ..collusion seed=7 caught=1/2 wrong=1 excl={11: 36, 1: 884}
  ..collusion seed=11 caught=2/2 wrong=0 excl={11: 36, 8: 532}
  ..collusion seed=13 caught=2/2 wrong=1 excl={11: 36, 9: 504, 10: 784}
  ..collusion seed=17 caught=2/2 wrong=0 excl={1: 588, 8: 760}
  ..collusion seed=23 caught=2/2 wrong=0 excl={8: 644, 1: 696}
collusion                 2   9/10        2
DONE
