scenario             n_comp    caught     wrong
  ..position_teleport seed=7 caught=1/1 wrong=0
  ..position_teleport seed=11 caught=1/1 wrong=0
  ..position_teleport seed=13 caught=1/1 wrong=0
  ..position_teleport seed=17 caught=1/1 wrong=0
  ..position_teleport seed=23 caught=1/1 wrong=0
position_teleport         1   5/5         0
  ..slow_drift seed=7 caught=1/1 wrong=0
  ..slow_drift seed=11 caught=1/1 wrong=0
  ..slow_drift seed=13 caught=1/1 wrong=0
  ..slow_drift seed=17 caught=1/1 wrong=0
  ..slow_drift seed=23 caught=1/1 wrong=0
slow_drift                1   5/5         0
  ..false_target seed=7 caught=1/1 wrong=0
  ..false_target seed=11 caught=1/1 wrong=0
  ..false_target seed=13 caught=1/1 wrong=0
  ..false_target seed=17 caught=1/1 wrong=0
  ..false_target seed=23 caught=1/1 wrong=0
false_target              1   5/5         0
  ..formation_sabotage seed=7 caught=1/1 wrong=0
  ..formation_sabotage seed=11 caught=1/1 wrong=0
  ..formation_sabotage seed=13 caught=1/1 wrong=0
  ..formation_sabotage seed=17 caught=1/1 wrong=0
  ..formation_sabotage seed=23 caught=1/1 wrong=0
formation_sabotage        1   5/5         0
  ..byzantine_accuser seed=7 caught=1/1 wrong=0
  ..byzantine_accuser seed=11 caught=1/1 wrong=0
  ..byzantine_accuser seed=13 caught=1/1 wrong=0
  ..byzantine_accuser seed=17 caught=1/1 wrong=0
  ..byzantine_accuser seed=23 caught=1/1 wrong=0
byzantine_accuser         1   5/5         0
  ..collusion seed=7 caught=2/2 wrong=0
  ..collusion seed=11 caught=2/2 wrong=0
  ..collusion seed=13 caught=2/2 wrong=0
  ..collusion seed=17 caught=2/2 wrong=0
  ..collusion seed=23 caught=2/2 wrong=0
collusion                 2  10/10        0
DONE
