scenario             n_comp    caught     wrong
  ..position_teleport seed=7 caught=0/1 wrong=1 [11:trust_weighted_quorum]
  ..position_teleport seed=11 caught=1/1 wrong=0 [9:trust_weighted_quorum]
  ..position_teleport seed=13 caught=0/1 wrong=1 [11:trust_weighted_quorum]
  ..position_teleport seed=17 caught=1/1 wrong=0 [1:trust_weighted_quorum]
  ..position_teleport seed=23 caught=1/1 wrong=1 [1:trust_weighted_quorum 11:trust_weighted_quorum]
position_teleport         1   3/5         3
  ..slow_drift seed=7 caught=0/1 wrong=1 [11:trust_weighted_quorum]
  ..slow_drift seed=11 caught=1/1 wrong=0 [9:trust_weighted_quorum]
  ..slow_drift seed=13 caught=0/1 wrong=1 [11:trust_weighted_quorum]
  ..slow_drift seed=17 caught=1/1 wrong=0 [1:trust_weighted_quorum]
  ..slow_drift seed=23 caught=1/1 wrong=1 [1:trust_weighted_quorum 11:trust_weighted_quorum]
slow_drift                1   3/5         3
  ..false_target seed=7 caught=1/1 wrong=1 [1:trust_weighted_quorum 11:trust_weighted_quorum]
  ..false_target seed=11 caught=1/1 wrong=1 [9:trust_weighted_quorum 11:trust_weighted_quorum]
  ..false_target seed=13 caught=0/1 wrong=1 [11:trust_weighted_quorum]
  ..false_target seed=17 caught=1/1 wrong=0 [1:trust_weighted_quorum]
  ..false_target seed=23 caught=1/1 wrong=3 [1:trust_weighted_quorum 10:persistent_false_accuser 11:trust_weighted_quorum 9:persistent_false_accuser]
false_target              1   4/5         6
  ..formation_sabotage seed=7 caught=1/1 wrong=2 [1:trust_weighted_quorum 10:persistent_false_accuser 11:trust_weighted_quorum]
